<?php
return [
    'dependencies' => [
        'factories' => [
            'some-alias' => 'Some\Vendor\Acl\ZendAcl',
            'Laminas\Form\Factory' => 'Some\Vendor\Zend\Form\ZendFormFactory',
            'Laminas\Cache\Storage\StorageInterface' => 'Laminas\ServiceManager\Factory\InvokableFactory',
        ],
        'aliases' => [
            'foo' => 'Laminas\Form\Factory',
            'Zend\Cache\Storage\StorageInterface' => 'Laminas\Cache\Storage\StorageInterface',
            'Zend\Form\Factory' => 'Laminas\Form\Factory',
        ],
    ],
];
